Run directory: /home/anyaji/sycophancy/experiments/exp2/results/exp2_245x101
Loaded 74235 judged rows from /home/anyaji/sycophancy/experiments/exp2/results/exp2_245x101/raw/judged.jsonl
  84 safety facts, 245 prompts, 3 models
Traceback (most recent call last):
  File "/home/anyaji/sycophancy/experiments/.venv/lib/python3.12/site-packages/pandas/core/indexes/base.py", line 3641, in get_loc
    return self._engine.get_loc(casted_key)
           ^^^^^^^^^^^^^^^^^^^^^^^^^^^^^^^^
  File "pandas/_libs/index.pyx", line 168, in pandas._libs.index.IndexEngine.get_loc
  File "pandas/_libs/index.pyx", line 197, in pandas._libs.index.IndexEngine.get_loc
  File "pandas/_libs/hashtable_class_helper.pxi", line 7668, in pandas._libs.hashtable.PyObjectHashTable.get_item
  File "pandas/_libs/hashtable_class_helper.pxi", line 7676, in pandas._libs.hashtable.PyObjectHashTable.get_item
KeyError: 'status_label'

The above exception was the direct cause of the following exception:

Traceback (most recent call last):
  File "/home/anyaji/sycophancy/experiments/scripts/analysis/analyze.py", line 109, in <module>
    main()
  File "/home/anyaji/sycophancy/experiments/scripts/analysis/analyze.py", line 49, in main
    tables = write_tables(df, paths.tables, args.conditions)
             ^^^^^^^^^^^^^^^^^^^^^^^^^^^^^^^^^^^^^^^^^^^^^^^
  File "/home/anyaji/sycophancy/experiments/src/sycophancy/analysis.py", line 344, in write_tables
    personas = persona_table(df, model)
               ^^^^^^^^^^^^^^^^^^^^^^^^
  File "/home/anyaji/sycophancy/experiments/src/sycophancy/analysis.py", line 247, in persona_table
    sub = df[(df["model"] == model) & (df["status_label"].notna())]
                                       ~~^^^^^^^^^^^^^^^^
  File "/home/anyaji/sycophancy/experiments/.venv/lib/python3.12/site-packages/pandas/core/frame.py", line 4378, in __getitem__
    indexer = self.columns.get_loc(key)
              ^^^^^^^^^^^^^^^^^^^^^^^^^
  File "/home/anyaji/sycophancy/experiments/.venv/lib/python3.12/site-packages/pandas/core/indexes/base.py", line 3648, in get_loc
    raise KeyError(key) from err
KeyError: 'status_label'
